
> yabbok@0.1.0 build
> next build

▲ Next.js 16.2.7 (Turbopack)
- Environments: .env.local

  Creating an optimized production build ...
✓ Compiled successfully in 17.5s
  Running TypeScript ...
  Finished TypeScript in 24.0s ...
  Collecting page data using 7 workers ...
  Generating static pages using 7 workers (0/35) ...
  Generating static pages using 7 workers (8/35) 
  Generating static pages using 7 workers (17/35) 
  Generating static pages using 7 workers (26/35) 
✓ Generating static pages using 7 workers (35/35) in 2.7s
  Finalizing page optimization ...

Route (app)
┌ ○ /
├ ○ /_not-found
├ ○ /about
├ ○ /admin
├ ƒ /api/admin/announcements
├ ƒ /api/admin/events/[id]/attendees
├ ƒ /api/admin/logs
├ ƒ /api/admin/moderation
├ ƒ /api/admin/reports
├ ƒ /api/admin/stats
├ ƒ /api/admin/users
├ ƒ /api/auth/[...nextauth]
├ ƒ /api/auth/register
├ ƒ /api/chat
├ ƒ /api/churches
├ ƒ /api/discussions
├ ƒ /api/events
├ ƒ /api/events/[id]/rsvp
├ ƒ /api/gallery
├ ƒ /api/insights
├ ƒ /api/notifications
├ ƒ /api/prayers
├ ƒ /api/profile
├ ƒ /api/reports
├ ƒ /api/sermons
├ ƒ /api/suggestions
├ ƒ /api/testimonies
├ ƒ /api/upload
├ ○ /churches
├ ○ /contact
├ ○ /dashboard
├ ○ /events
├ ○ /gallery
├ ○ /login
├ ○ /register
└ ○ /sermons


○  (Static)   prerendered as static content
ƒ  (Dynamic)  server-rendered on demand

